// Jest Snapshot v1, https://goo.gl/fbAQLP

exports[`renders correctly 1`] = `
<PictureListComponent
  dispatch={[Function]}
  images={Array []}
/>
`;
