// Jest Snapshot v1, https://goo.gl/fbAQLP

exports[`renders correctly 1`] = `
<InfiniteComponent
  allLoaded={false}
  current="architecture"
  dispatch={[Function]}
/>
`;
