// Jest Snapshot v1, https://goo.gl/fbAQLP

exports[`renders correctly 1`] = `
<GalleryComponent
  current="architecture"
  dispatch={[Function]}
  images={Array []}
  isOpen={false}
  page={1}
/>
`;
